main.c:127:10:Power	24	static
main.c:134:10:calcFreq	32	static
main.c:144:6:SG_WriteRegister	24	static
main.c:165:6:SG_Reset	8	static
main.c:174:6:SG_freqSet	32	static
main.c:183:6:InitSigGen	8	static
main.c:197:6:SerialCommand	16	static
main.c:218:6:SG_freqReset	32	static
main.c:234:5:main	8	static
main.c:296:6:SystemClock_Config	144	static
main.c:352:13:MX_ADC1_Init	24	static
main.c:417:13:MX_USART1_UART_Init	8	static
main.c:465:13:MX_USART2_UART_Init	8	static
main.c:511:13:MX_DMA_Init	16	static
main.c:535:13:MX_GPIO_Init	48	static
main.c:580:6:HAL_UART_RxCpltCallback	24	static
main.c:595:7:tachChuoi	8	static
main.c:604:6:HAL_GPIO_EXTI_Falling_Callback	64	static
main.c:644:6:resetValue	8	static
main.c:650:7:FFMfFunction	32	static
main.c:657:7:FM	24	static
main.c:664:7:TBW	32	static
main.c:679:7:ECW	48	static
main.c:685:7:ICW	24	static
main.c:692:7:BCM	32	static
main.c:707:6:HAL_ADC_ConvCpltCallback	16	static,ignoring_inline_asm
main.c:712:6:readADC	16	static
main.c:730:6:convertADC	16	static
main.c:743:6:calculation	24	static
main.c:760:6:display	16	static
main.c:801:6:Error_Handler	8	static
