stm32g0xx_it.c:77:6:NMI_Handler	8	static
stm32g0xx_it.c:90:6:HardFault_Handler	8	static
stm32g0xx_it.c:105:6:SVC_Handler	8	static
stm32g0xx_it.c:118:6:PendSV_Handler	8	static
stm32g0xx_it.c:131:6:SysTick_Handler	8	static
stm32g0xx_it.c:152:6:EXTI4_15_IRQHandler	8	static
stm32g0xx_it.c:166:6:DMA1_Channel1_IRQHandler	8	static
stm32g0xx_it.c:180:6:DMA1_Channel2_3_IRQHandler	8	static
stm32g0xx_it.c:195:6:DMA1_Ch4_7_DMAMUX1_OVR_IRQHandler	8	static
stm32g0xx_it.c:210:6:ADC1_COMP_IRQHandler	8	static
stm32g0xx_it.c:224:6:USART1_IRQHandler	8	static
stm32g0xx_it.c:238:6:USART2_IRQHandler	8	static
